> # ── Self-locating working directory ───────────────────────────────────────────
> local({
+   a <- commandArgs(trailingOnly = FALSE)
+   f <- sub("^--file=", "", grep("^--file=", a, value = TRUE))               # Rscript
+   if (!length(f)) { i <- which(a == "-f"); if (length(i)) f <- a[i + 1L] }  # R CMD BATCH
+   if (!length(f) && requireNamespace("rstudioapi", quietly = TRUE) &&
+       rstudioapi::isAvailable())
+     f <- rstudioapi::getSourceEditorContext()$path                          # RStudio
+   if (length(f) && nzchar(f)) setwd(dirname(normalizePath(f)))
+ })
> source("simulate_personetime.R")
── Attaching core tidyverse packages ──────────────────────── tidyverse 2.0.0 ──
✔ dplyr     1.1.4     ✔ readr     2.1.5
✔ forcats   1.0.0     ✔ stringr   1.5.1
✔ ggplot2   3.5.1     ✔ tibble    3.2.1
✔ lubridate 1.9.4     ✔ tidyr     1.3.1
✔ purrr     1.0.2     
── Conflicts ────────────────────────────────────────── tidyverse_conflicts() ──
✖ dplyr::filter() masks stats::filter()
✖ dplyr::lag()    masks stats::lag()
ℹ Use the conflicted package (<http://conflicted.r-lib.org/>) to force all conflicts to become errors
> source("coverage_output.R")

Attaching package: ‘future’

The following object is masked from ‘package:survival’:

    cluster

> 
> library(future)
> library(furrr)
> library(LatencyA)
> 
> # 95% bootstrap-percentile coverage of Knot-search at lag 8
> # (n = 5000, knot = 10, gamma = 0.1). Adjust n_sims / boot_iter for your budget.
> set.seed(1)
> result <- coverage_output(method      = "Knotsearch",
+                           sample_size = 5000,
+                           knot        = 10,
+                           gamma       = 0.1,
+                           lags        = 8,
+                           n_sims      = 50,
+                           boot_iter   = 10)
[Knotsearch] finished 10 / 50 replicates
[Knotsearch] finished 20 / 50 replicates
[Knotsearch] finished 30 / 50 replicates
[Knotsearch] finished 40 / 50 replicates
[Knotsearch] finished 50 / 50 replicates
> 
> saveRDS(result, "coverage_Knotsearch.rds")
> 
> cat("== Knot-search 95% percentile-interval coverage ==\n")
== Knot-search 95% percentile-interval coverage ==
> print(aggregate(covered ~ lag, result, function(x) mean(x, na.rm = TRUE)))
  lag covered
1   8    0.68
> 
> Sys.time()
[1] "2026-06-10 18:43:44 EDT"
> 
> proc.time()
     user    system   elapsed 
40253.351   272.098 14532.531 
