> # ── Self-locating working directory ───────────────────────────────────────────
> # Set the working directory to the folder this script lives in, so the project
> # can be copied to another machine without editing any path. Works whether the
> # script is run with Rscript, R CMD BATCH, or "Source"d in RStudio.
> local({
+   a <- commandArgs(trailingOnly = FALSE)
+   f <- sub("^--file=", "", grep("^--file=", a, value = TRUE))               # Rscript
+   if (!length(f)) { i <- which(a == "-f"); if (length(i)) f <- a[i + 1L] }  # R CMD BATCH
+   if (!length(f) && requireNamespace("rstudioapi", quietly = TRUE) &&
+       rstudioapi::isAvailable())
+     f <- rstudioapi::getSourceEditorContext()$path                          # RStudio
+   if (length(f) && nzchar(f)) setwd(dirname(normalizePath(f)))
+ })
> source("simulate_personetime.R")
── Attaching core tidyverse packages ──────────────────────── tidyverse 2.0.0 ──
✔ dplyr     1.1.4     ✔ readr     2.1.5
✔ forcats   1.0.0     ✔ stringr   1.5.1
✔ ggplot2   3.5.1     ✔ tibble    3.2.1
✔ lubridate 1.9.4     ✔ tidyr     1.3.1
✔ purrr     1.0.2     
── Conflicts ────────────────────────────────────────── tidyverse_conflicts() ──
✖ dplyr::filter() masks stats::filter()
✖ dplyr::lag()    masks stats::lag()
ℹ Use the conflicted package (<http://conflicted.r-lib.org/>) to force all conflicts to become errors
> source("simulation_output.R")

Attaching package: ‘future’

The following object is masked from ‘package:survival’:

    cluster

> 
> library(future)
> library(furrr)
> library(LatencyA)
> 
> # simulate for KnotGridSearch with knot = 10, varying sample size
> temp <- data.frame()
> 
> for (sample_size in c(300, 500, 1000, 3000, 5000)){
+     result <- simulation_output(sample_size = sample_size, knot = 10, method  = "GridSearchKnot")
+     result$sample_size <- sample_size
+     cat(sprintf("sample_size = %d: average number of events = %.1f\n",
+                 sample_size, mean(result$n_events, na.rm = TRUE)))
+     temp <- rbind(temp, result)
+ }
sample_size = 300: average number of events = 82.9
sample_size = 500: average number of events = 137.2
sample_size = 1000: average number of events = 275.2
sample_size = 3000: average number of events = 829.4
sample_size = 5000: average number of events = 1378.7
> 
> temp$method <- "GridSearchKnot"
> saveRDS(temp, "simulation_KnotGridSearch.rds")
> 
> Sys.time()
[1] "2026-06-09 17:06:28 EDT"
> 
> proc.time()
      user     system    elapsed 
223650.957    605.380   7775.163 
