> local({
+   a <- commandArgs(trailingOnly = FALSE)
+   f <- sub("^--file=", "", grep("^--file=", a, value = TRUE))
+   if (!length(f)) { i <- which(a == "-f"); if (length(i)) f <- a[i + 1L] }
+   if (!length(f) && requireNamespace("rstudioapi", quietly = TRUE) &&
+       rstudioapi::isAvailable())
+     f <- rstudioapi::getSourceEditorContext()$path
+   if (length(f) && nzchar(f)) setwd(dirname(normalizePath(f)))
+ })
> source("simulation_timing.R")
── Attaching core tidyverse packages ──────────────────────── tidyverse 2.0.0 ──
✔ dplyr     1.1.4     ✔ readr     2.1.5
✔ forcats   1.0.0     ✔ stringr   1.5.1
✔ ggplot2   3.5.1     ✔ tibble    3.2.1
✔ lubridate 1.9.4     ✔ tidyr     1.3.1
✔ purrr     1.0.2     
── Conflicts ────────────────────────────────────────── tidyverse_conflicts() ──
✖ dplyr::filter() masks stats::filter()
✖ dplyr::lag()    masks stats::lag()
ℹ Use the conflicted package (<http://conflicted.r-lib.org/>) to force all conflicts to become errors
> 
> temp <- data.frame()
> 
> for (sample_size in c(300, 500, 1000, 3000, 5000)) {
+   result <- simulation_timing(sample_size = sample_size,
+                                method     = "NCSpline",
+                                degree     = 5)
+   cat(sprintf("NCSpline df=5  sample_size = %5d  mean elapsed = %.4f s\n",
+               sample_size, mean(result$elapsed, na.rm = TRUE)))
+   temp <- rbind(temp, result)
+ }
NCSpline df=5  sample_size =   300  mean elapsed = 0.0340 s
NCSpline df=5  sample_size =   500  mean elapsed = 0.0561 s
NCSpline df=5  sample_size =  1000  mean elapsed = 0.1088 s
NCSpline df=5  sample_size =  3000  mean elapsed = 0.1699 s
NCSpline df=5  sample_size =  5000  mean elapsed = 0.2932 s
> 
> saveRDS(temp, "timing_NCSpline_df5.rds")
> Sys.time()
[1] "2026-06-10 10:26:27 EDT"
> 
> proc.time()
   user  system elapsed 
628.139   5.858 643.687 
