> setwd("/n/home00/fyguo/proj_spline/simulation_PersonTime_misspecified_Latency_age_ARIMA_112")
> source("simulate_personetime.R")
── Attaching core tidyverse packages ──────────────────────── tidyverse 2.0.0 ──
✔ dplyr     1.1.4     ✔ readr     2.1.5
✔ forcats   1.0.0     ✔ stringr   1.5.1
✔ ggplot2   3.5.1     ✔ tibble    3.2.1
✔ lubridate 1.9.4     ✔ tidyr     1.3.1
✔ purrr     1.0.2     
── Conflicts ────────────────────────────────────────── tidyverse_conflicts() ──
✖ dplyr::filter() masks stats::filter()
✖ dplyr::lag()    masks stats::lag()
ℹ Use the conflicted package (<http://conflicted.r-lib.org/>) to force all conflicts to become errors
> source("simulation_output.R")

Attaching package: ‘future’

The following object is masked from ‘package:survival’:

    cluster

Warning messages:
1: replacing previous import ‘Hmisc::src’ by ‘dplyr::src’ when loading ‘LatencyA’ 
2: replacing previous import ‘Hmisc::summarize’ by ‘dplyr::summarize’ when loading ‘LatencyA’ 
3: replacing previous import ‘dplyr::lag’ by ‘stats::lag’ when loading ‘LatencyA’ 
4: replacing previous import ‘dplyr::filter’ by ‘stats::filter’ when loading ‘LatencyA’ 
5: replacing previous import ‘future::cluster’ by ‘survival::cluster’ when loading ‘LatencyA’ 
> 
> library(future)
> library(furrr)
> library(LatencyA)
> 
> 
> 
> # simulate for TermSearch
> temp <- data.frame()
> 
> knot = 10
> for (mis_latency in c(10, 13, 16, 19, 22, 25)) {
+   result <- simulation_output(sample_size = 5000, knot = knot, method  ="TermSearch", latency = mis_latency )
+   result$latency <- mis_latency
+   temp <- rbind(temp, result)
+ }
There were 50 or more warnings (use warnings() to see the first 50)
> 
> temp$method <- "TermSearch"
> saveRDS(temp, "simulation_TermSearch.rds")
> 
> Sys.time()
[1] "2025-11-14 22:21:39 EST"
> 
> 
> 
> 
> proc.time()
       user      system     elapsed 
2986892.026    2528.714  103697.241 
