> setwd(tryCatch(
+   dirname(rstudioapi::getSourceEditorContext()$path),
+   error = function(e) getwd()
+ ))
> 
> source("simulate_personetime.R")
── Attaching core tidyverse packages ──────────────────────── tidyverse 2.0.0 ──
✔ dplyr     1.2.1     ✔ readr     2.2.0
✔ forcats   1.0.1     ✔ stringr   1.6.0
✔ ggplot2   4.0.3     ✔ tibble    3.3.1
✔ lubridate 1.9.5     ✔ tidyr     1.3.2
✔ purrr     1.2.2     
── Conflicts ────────────────────────────────────────── tidyverse_conflicts() ──
✖ dplyr::filter() masks stats::filter()
✖ dplyr::lag()    masks stats::lag()
ℹ Use the conflicted package (<http://conflicted.r-lib.org/>) to force all conflicts to become errors
> source("simulation_output.R")

Attaching package: ‘future’

The following object is masked from ‘package:survival’:

    cluster

Warning messages:
1: replacing previous import ‘Hmisc::summarize’ by ‘dplyr::summarize’ when loading ‘LatencyA’ 
2: replacing previous import ‘Hmisc::src’ by ‘dplyr::src’ when loading ‘LatencyA’ 
3: replacing previous import ‘dplyr::lag’ by ‘stats::lag’ when loading ‘LatencyA’ 
4: replacing previous import ‘dplyr::filter’ by ‘stats::filter’ when loading ‘LatencyA’ 
5: replacing previous import ‘future::cluster’ by ‘survival::cluster’ when loading ‘LatencyA’ 
> 
> library(future)
> library(furrr)
> library(LatencyA)
> 
> # Three term_knots scenarios to compare:
> #   dense  : every lag from 0 to 15
> #   even   : every other lag (0, 2, 4, ..., 14)
> #   sparse : 5 evenly spaced lags (0, 4, 8, 12, 15)
> knots_scenarios <- list(
+   list(term_knots = 0:15,                    label = "0 to 15"),
+   list(term_knots = c(0, 2, 4, 6, 8, 10, 12, 14), label = "0, 2, 4, ..., 14"),
+   list(term_knots = c(0, 4, 8, 12, 15),      label = "0, 4, 8, 12, 15")
+ )
> 
> temp <- data.frame()
> 
> for (s in knots_scenarios) {
+   result <- simulation_output(sample_size = 5000, knot = 10,
+                               term_knots  = s$term_knots)
+   result$knot              <- 10
+   result$term_knots_label  <- s$label
+   temp <- rbind(temp, result)
+ }
> 
> temp$method <- "TermSearch"
> saveRDS(temp, "simulation_TermSearch.rds")
> 
> Sys.time()
[1] "2026-06-02 16:45:17 EDT"
> 
> proc.time()
     user    system   elapsed 
62490.711 12292.833  9026.244 
