> setwd("/n/home00/fyguo/proj_spline/simulation_missing_Persontime_mixedModel_nsamples_2stage_ARIMA_112")
> source("simulate_personetime.R")
── Attaching core tidyverse packages ──────────────────────── tidyverse 2.0.0 ──
✔ dplyr     1.1.4     ✔ readr     2.1.5
✔ forcats   1.0.0     ✔ stringr   1.5.1
✔ ggplot2   3.5.1     ✔ tibble    3.2.1
✔ lubridate 1.9.4     ✔ tidyr     1.3.1
✔ purrr     1.0.2     
── Conflicts ────────────────────────────────────────── tidyverse_conflicts() ──
✖ dplyr::filter() masks stats::filter()
✖ dplyr::lag()    masks stats::lag()
ℹ Use the conflicted package (<http://conflicted.r-lib.org/>) to force all conflicts to become errors
> source("simulation_output.R")

Attaching package: ‘Hmisc’

The following objects are masked from ‘package:dplyr’:

    src, summarize

The following objects are masked from ‘package:base’:

    format.pval, units

Loading required package: Matrix

Attaching package: ‘Matrix’

The following objects are masked from ‘package:tidyr’:

    expand, pack, unpack


Attaching package: ‘mice’

The following object is masked from ‘package:stats’:

    filter

The following objects are masked from ‘package:base’:

    cbind, rbind


Attaching package: ‘future’

The following object is masked from ‘package:survival’:

    cluster

Warning messages:
1: replacing previous import ‘Hmisc::src’ by ‘dplyr::src’ when loading ‘LatencyA’ 
2: replacing previous import ‘Hmisc::summarize’ by ‘dplyr::summarize’ when loading ‘LatencyA’ 
3: replacing previous import ‘dplyr::lag’ by ‘stats::lag’ when loading ‘LatencyA’ 
4: replacing previous import ‘dplyr::filter’ by ‘stats::filter’ when loading ‘LatencyA’ 
5: replacing previous import ‘future::cluster’ by ‘survival::cluster’ when loading ‘LatencyA’ 
> 
> library(future)
> library(furrr)
> library(LatencyA)
> 
> 
> 
> # simulate for KnotGridSearch with different knot
> temp <- data.frame()
> 
> for (knot in c(10, 15)) {
+   result <- simulation_output(sample_size = 5000, knot = knot, method  = "NA" , latency = 16,
+                               missingness_method = "inner_imputation_complete-case")
+   result$knot <- knot
+   temp <- rbind(temp, result)
+ }
There were 50 or more warnings (use warnings() to see the first 50)
> 
> temp$method <- "GridSearchKnot"
> saveRDS(temp, "simulation_CCA_KnotSearch.rds")
> 
> Sys.time()
[1] "2025-11-17 12:56:13 EST"
> 
> #result%>% group_by(l) %>%
> #  summarise(log_HR_true = mean(log_HR_true),
> #           log_HR_estimate_mean = mean(log_HR_estimate),
> #            log_HR_estimate_se = sd(log_HR_estimate)) %>%
> #  ggplot() + 
> #  geom_line(aes(x = l, y = log_HR_estimate_mean), color = "blue") + 
> #  geom_line(aes(x = l, y= log_HR_true), color = "red")
> 
> 
> 
> proc.time()
      user     system    elapsed 
232419.641    417.367   8233.401 
