> setwd(tryCatch(
+   dirname(rstudioapi::getSourceEditorContext()$path),
+   error = function(e) getwd()
+ ))
> 
> source("simulate_personetime.R")
── Attaching core tidyverse packages ──────────────────────── tidyverse 2.0.0 ──
✔ dplyr     1.1.4     ✔ readr     2.1.5
✔ forcats   1.0.0     ✔ stringr   1.5.1
✔ ggplot2   3.5.1     ✔ tibble    3.2.1
✔ lubridate 1.9.4     ✔ tidyr     1.3.1
✔ purrr     1.0.2     
── Conflicts ────────────────────────────────────────── tidyverse_conflicts() ──
✖ dplyr::filter() masks stats::filter()
✖ dplyr::lag()    masks stats::lag()
ℹ Use the conflicted package (<http://conflicted.r-lib.org/>) to force all conflicts to become errors
> source("simulation_output.R")

Attaching package: ‘future’

The following object is masked from ‘package:survival’:

    cluster

> 
> library(future)
> library(furrr)
> library(LatencyA)
> 
> temp <- data.frame()
> 
> for (knot_val in 10) {
+   for (mis_latency in c(10, 13, 16, 19, 22, 25)) {
+     result <- tryCatch({
+       r         <- simulation_output(sample_size = 5000, knot = knot_val,
+                                      degree = 5, method = "Polynomial",
+                                      latency = mis_latency)
+       r$latency <- mis_latency
+       r$knot    <- knot_val
+       r$degree  <- 5
+       r
+     }, error = function(e) {
+       message("Skipping knot=", knot_val, ", latency=", mis_latency,
+               " due to error: ", conditionMessage(e))
+       NULL
+     })
+     if (!is.null(result) && nrow(result) > 0) {
+       temp <- rbind(temp, result)
+     }
+   }
+ }
There were 50 or more warnings (use warnings() to see the first 50)
> 
> temp$method <- "Polynomial"
> saveRDS(temp, "simulation_Polynomial.rds")
> 
> Sys.time()
[1] "2026-06-10 19:05:24 EDT"
> 
> proc.time()
     user    system   elapsed 
958672.87  12582.64  20084.68 
